// Jest Snapshot v1, https://goo.gl/fbAQLP

exports[`VideoPlayer renders correctly 1`] = `
.c0 {
  width: 100%;
  height: 100%;
  min-height: 380px;
}

<div
  className="c0"
  id="player"
/>
`;
