// Jest Snapshot v1, https://goo.gl/fbAQLP

exports[`ProtectedRoute renders correctly 1`] = `null`;
