// Jest Snapshot v1, https://goo.gl/fbAQLP

exports[`SearchInput renders correctly 1`] = `
.c0 {
  cursor: text;
  display: -webkit-inline-box;
  display: -webkit-inline-flex;
  display: -ms-inline-flexbox;
  display: inline-flex;
  -webkit-align-items: center;
  -webkit-box-align: center;
  -ms-flex-align: center;
  align-items: center;
  font-weight: 400;
  font-style: normal;
  color: #333333;
  -webkit-appearance: none;
  -moz-appearance: none;
  appearance: none;
  border: 1px solid #f0dddd85;
  border-radius: 0;
  width: 100%;
  font-size: 14px;
  line-height: 27px;
  background-color: #ECECEC;
  box-sizing: border-box;
  width: 100%;
}

.c1 {
  -webkit-letter-spacing: inherit;
  -moz-letter-spacing: inherit;
  -ms-letter-spacing: inherit;
  letter-spacing: inherit;
  color: currentColor;
  padding: 0 10px;
  border: 0;
  box-sizing: content-box;
  background: none;
  height: 45px;
  margin: 0;
  -webkit-tap-highlight-color: transparent;
  display: block;
  min-width: 0;
  width: 100%;
}

.c1:focus {
  outline: 0;
}

.c2 {
  cursor: pointer;
  display: -webkit-inline-box;
  display: -webkit-inline-flex;
  display: -ms-inline-flexbox;
  display: inline-flex;
  -webkit-align-items: center;
  -webkit-box-align: center;
  -ms-flex-align: center;
  align-items: center;
}

.c2 > * {
  margin-right: 10px;
}

@media (max-width:900px) {
  .c0 {
    height: 40px;
  }
}

@media (max-width:700px) {
  .c0 {
    height: 30px;
  }
}

@media (max-width:400px) {
  .c0 {
    height: 20px;
  }
}

<div
  className="c0"
>
  <input
    className="c1"
    onBlur={[Function]}
    onChange={[Function]}
    onFocus={[Function]}
    onKeyDown={[Function]}
  />
  <div
    className="c2"
    onClick={[Function]}
  >
    <svg
      aria-hidden="true"
      className="svg-inline--fa fa-search fa-w-16 fa-1x "
      data-icon="search"
      data-prefix="fas"
      focusable="false"
      role="img"
      style={Object {}}
      viewBox="0 0 512 512"
      xmlns="http://www.w3.org/2000/svg"
    >
      <path
        d="M505 442.7L405.3 343c-4.5-4.5-10.6-7-17-7H372c27.6-35.3 44-79.7 44-128C416 93.1 322.9 0 208 0S0 93.1 0 208s93.1 208 208 208c48.3 0 92.7-16.4 128-44v16.3c0 6.4 2.5 12.5 7 17l99.7 99.7c9.4 9.4 24.6 9.4 33.9 0l28.3-28.3c9.4-9.4 9.4-24.6.1-34zM208 336c-70.7 0-128-57.2-128-128 0-70.7 57.2-128 128-128 70.7 0 128 57.2 128 128 0 70.7-57.2 128-128 128z"
        fill="currentColor"
        style={Object {}}
      />
    </svg>
  </div>
</div>
`;
