// Jest Snapshot v1, https://goo.gl/fbAQLP

exports[`Header renders correctly 1`] = `
Array [
  .c0 {
  background-color: #FFFFFF;
  padding: 10px 0 10px 0;
  box-shadow: 0px 2px 4px -1px rgb(0 0 0 / 20%),0px 4px 5px 0px rgb(0 0 0 / 14%), 0px 1px 10px 0px rgb(0 0 0 / 12%);
  display: -webkit-box;
  display: -webkit-flex;
  display: -ms-flexbox;
  display: flex;
  -webkit-align-items: center;
  -webkit-box-align: center;
  -ms-flex-align: center;
  align-items: center;
  -webkit-flex-direction: row;
  -ms-flex-direction: row;
  flex-direction: row;
  -webkit-box-pack: justify;
  -webkit-justify-content: space-between;
  -ms-flex-pack: justify;
  justify-content: space-between;
}

.c1 {
  text-align: left;
}

.c9 {
  text-align: center;
  width: 40%;
}

.c13 {
  text-align: right;
}

.c3 {
  height: 100%;
}

.c10 {
  cursor: text;
  display: -webkit-inline-box;
  display: -webkit-inline-flex;
  display: -ms-inline-flexbox;
  display: inline-flex;
  -webkit-align-items: center;
  -webkit-box-align: center;
  -ms-flex-align: center;
  align-items: center;
  font-weight: 400;
  font-style: normal;
  color: #333333;
  -webkit-appearance: none;
  -moz-appearance: none;
  appearance: none;
  border: 1px solid #f0dddd85;
  border-radius: 0;
  width: 100%;
  font-size: 14px;
  line-height: 27px;
  background-color: #ECECEC;
  box-sizing: border-box;
  width: 100%;
}

.c11 {
  -webkit-letter-spacing: inherit;
  -moz-letter-spacing: inherit;
  -ms-letter-spacing: inherit;
  letter-spacing: inherit;
  color: currentColor;
  padding: 0 10px;
  border: 0;
  box-sizing: content-box;
  background: none;
  height: 45px;
  margin: 0;
  -webkit-tap-highlight-color: transparent;
  display: block;
  min-width: 0;
  width: 100%;
}

.c11:focus {
  outline: 0;
}

.c12 {
  cursor: pointer;
  display: -webkit-inline-box;
  display: -webkit-inline-flex;
  display: -ms-inline-flexbox;
  display: inline-flex;
  -webkit-align-items: center;
  -webkit-box-align: center;
  -ms-flex-align: center;
  align-items: center;
}

.c12 > * {
  margin-right: 10px;
}

.c2 {
  display: inline;
  padding: 0 20px 0 20px;
  cursor: pointer;
  color: #333333;
  line-height: initial;
}

.c2:hover {
  color: #eea2a2;
}

.c8 {
  border-radius: 34px;
  position: absolute;
  cursor: pointer;
  top: 0;
  left: 0;
  right: 0;
  bottom: 0;
  background-color: #333333;
  -webkit-transition: 0.4s;
  -webkit-transition: 0.4s;
  transition: 0.4s;
}

.c8:before {
  border-radius: 50%;
  position: absolute;
  content: '';
  height: 13px;
  width: 13px;
  left: 2px;
  bottom: 1.5px;
  background-color: white;
  -webkit-transition: 0.4s;
  -webkit-transition: 0.4s;
  transition: 0.4s;
}

.c6:before {
  position: absolute;
  content: '';
  height: 13px;
  width: 13px;
  left: 2px;
  bottom: 1.5px;
  background-color: white;
  -webkit-transition: 0.4s;
  -webkit-transition: 0.4s;
  transition: 0.4s;
}

.c6:checked + .c7 {
  background-color: #eea2a2;
}

.c6:checked + .c7:before {
  -webkit-transform: translateX(13px);
  -ms-transform: translateX(13px);
  -webkit-transform: translateX(13px);
  -ms-transform: translateX(13px);
  transform: translateX(13px);
}

.c6:focus + .c7 {
  box-shadow: 0 0 1px #eea2a2;
}

.c4 {
  position: relative;
  display: inline-block;
  width: 30px;
  height: 16px;
}

.c4 .c5 {
  opacity: 0;
  width: 0;
  height: 0;
}

@media (max-width:900px) {
  .c0 {
    height: 60px;
  }
}

@media (max-width:700px) {
  .c0 {
    height: 50px;
  }
}

@media (max-width:400px) {
  .c0 {
    height: 40px;
  }
}

@media (max-width:900px) {
  .c10 {
    height: 40px;
  }
}

@media (max-width:700px) {
  .c10 {
    height: 30px;
  }
}

@media (max-width:400px) {
  .c10 {
    height: 20px;
  }
}

<div
    className="c0"
  >
    <div
      className="c1"
    >
      <a
        href="/"
        onClick={[Function]}
        style={
          Object {
            "textDecoration": "none",
          }
        }
      >
        <div
          className="c2"
        >
          <svg
            aria-hidden="true"
            className="svg-inline--fa fa-home fa-w-18 fa-1x "
            data-icon="home"
            data-prefix="fas"
            focusable="false"
            role="img"
            style={Object {}}
            viewBox="0 0 576 512"
            xmlns="http://www.w3.org/2000/svg"
          >
            <path
              d="M280.37 148.26L96 300.11V464a16 16 0 0 0 16 16l112.06-.29a16 16 0 0 0 15.92-16V368a16 16 0 0 1 16-16h64a16 16 0 0 1 16 16v95.64a16 16 0 0 0 16 16.05L464 480a16 16 0 0 0 16-16V300L295.67 148.26a12.19 12.19 0 0 0-15.3 0zM571.6 251.47L488 182.56V44.05a12 12 0 0 0-12-12h-56a12 12 0 0 0-12 12v72.61L318.47 43a48 48 0 0 0-61 0L4.34 251.47a12 12 0 0 0-1.6 16.9l25.5 31A12 12 0 0 0 45.15 301l235.22-193.74a12.19 12.19 0 0 1 15.3 0L530.9 301a12 12 0 0 0 16.9-1.6l25.5-31a12 12 0 0 0-1.7-16.93z"
              fill="currentColor"
              style={Object {}}
            />
          </svg>
        </div>
      </a>
      <span
        className="c3"
      >
        <label
          className="c4"
        >
          <input
            className="c5 c6"
            type="checkbox"
          />
          <span
            className="c7 c8"
          />
        </label>
      </span>
    </div>
    <div
      className="c9"
    >
      <div
        className="c10"
      >
        <input
          className="c11"
          onBlur={[Function]}
          onChange={[Function]}
          onFocus={[Function]}
          onKeyDown={[Function]}
        />
        <div
          className="c12"
          onClick={[Function]}
        >
          <svg
            aria-hidden="true"
            className="svg-inline--fa fa-search fa-w-16 fa-1x "
            data-icon="search"
            data-prefix="fas"
            focusable="false"
            role="img"
            style={Object {}}
            viewBox="0 0 512 512"
            xmlns="http://www.w3.org/2000/svg"
          >
            <path
              d="M505 442.7L405.3 343c-4.5-4.5-10.6-7-17-7H372c27.6-35.3 44-79.7 44-128C416 93.1 322.9 0 208 0S0 93.1 0 208s93.1 208 208 208c48.3 0 92.7-16.4 128-44v16.3c0 6.4 2.5 12.5 7 17l99.7 99.7c9.4 9.4 24.6 9.4 33.9 0l28.3-28.3c9.4-9.4 9.4-24.6.1-34zM208 336c-70.7 0-128-57.2-128-128 0-70.7 57.2-128 128-128 70.7 0 128 57.2 128 128 0 70.7-57.2 128-128 128z"
              fill="currentColor"
              style={Object {}}
            />
          </svg>
        </div>
      </div>
    </div>
    <div
      className="c13"
    >
      <div
        className="c2"
        onClick={[Function]}
      >
        <svg
          aria-hidden="true"
          className="svg-inline--fa fa-user fa-w-14 fa-1x "
          data-icon="user"
          data-prefix="fas"
          focusable="false"
          role="img"
          style={Object {}}
          viewBox="0 0 448 512"
          xmlns="http://www.w3.org/2000/svg"
        >
          <path
            d="M224 256c70.7 0 128-57.3 128-128S294.7 0 224 0 96 57.3 96 128s57.3 128 128 128zm89.6 32h-16.7c-22.2 10.2-46.9 16-72.9 16s-50.6-5.8-72.9-16h-16.7C60.2 288 0 348.2 0 422.4V464c0 26.5 21.5 48 48 48h352c26.5 0 48-21.5 48-48v-41.6c0-74.2-60.2-134.4-134.4-134.4z"
            fill="currentColor"
            style={Object {}}
          />
        </svg>
      </div>
    </div>
  </div>,
  .c0 {
  display: none;
  position: fixed;
  z-index: 1;
  left: 0;
  top: 0;
  width: 100%;
  height: 100%;
  overflow: auto;
  background-color: rgb(0,0,0);
  background-color: rgba(0,0,0,0.7);
  display: none;
}

.c1 {
  background-color: #fefefe;
  margin: 15% auto;
  padding: 20px;
  border: 1px solid #888;
  border-radius: 5%;
  width: 300px;
  height: 350px;
  position: relative;
}

.c2 {
  color: #aaa;
  position: absolute;
  top: 0px;
  right: 15px;
  font-size: 28px;
  font-weight: bold;
}

.c2:hover,
.c2:focus {
  color: black;
  -webkit-text-decoration: none;
  text-decoration: none;
  cursor: pointer;
}

.c4 {
  width: 100%;
  height: 30px;
  border: 1px solid #666666;
  margin: 10px 0;
}

.c3 {
  display: -webkit-box;
  display: -webkit-flex;
  display: -ms-flexbox;
  display: flex;
  -webkit-flex-direction: column;
  -ms-flex-direction: column;
  flex-direction: column;
  -webkit-align-items: center;
  -webkit-box-align: center;
  -ms-flex-align: center;
  align-items: center;
  margin: 20px 0;
}

@media (max-width:900px) {

}

@media (max-width:700px) {

}

@media (max-width:400px) {

}

@media (max-width:900px) {

}

@media (max-width:700px) {

}

@media (max-width:400px) {

}

<div
    className="c0"
    open={false}
  >
    <div
      className="c1"
    >
      <span
        className="c2"
        onClick={[Function]}
      >
        Ã—
      </span>
      <form
        className="c3"
      >
        <input
          className="c4"
          name="username"
          onChange={[Function]}
          placeholder="Username"
          value=""
        />
        <input
          className="c4"
          name="password"
          onChange={[Function]}
          placeholder="Password"
          type="password"
          value=""
        />
        <button
          onClick={[Function]}
          type="button"
        >
          Login
        </button>
      </form>
    </div>
  </div>,
]
`;
