// Jest Snapshot v1, https://goo.gl/fbAQLP

exports[`Fortune Components should take a snapshot 1`] = `
<DocumentFragment>
  <span
    class="fortune"
  >
     
  </span>
</DocumentFragment>
`;
