// Jest Snapshot v1, https://goo.gl/fbAQLP

exports[`Private Components should take a snapshot 1`] = `<DocumentFragment />`;
