// Jest Snapshot v1, https://goo.gl/fbAQLP

exports[`Secret Components should take a snapshot 1`] = `
<DocumentFragment>
  <section>
    <pre>
      welcome, voyager...
      <a
        href="/"
      >
         ‚Üê go back
      </a>
    </pre>
    <iframe
      allow="accelerometer; autoplay; encrypted-media; gyroscope; picture-in-picture"
      allowfullscreen=""
      frameborder="0"
      height="450"
      src="https://www.youtube.com/embed/dQw4w9WgXcQ?controls=0&autoplay=1"
      title="rick roll"
      width="800"
    />
  </section>
</DocumentFragment>
`;
