// Jest Snapshot v1, https://goo.gl/fbAQLP

exports[`FavoriteDetail Components Take FavoriteDetail Snapshot  1`] = `
<FavoriteVideoDetail
  0={
    Object {
      "getVideoId": "cHm3wVzcHjnE",
      "id": Object {
        "videoId": "123",
      },
      "snippet": Object {
        "thumbnails": Object {
          "medium": Object {
            "url": "https://i.ytimg.com/vi/Po3VwR_NNGk/mqdefault.jpg",
          },
        },
        "title": "rick roll",
      },
    }
  }
/>
`;
