// Jest Snapshot v1, https://goo.gl/fbAQLP

exports[`Card renders 1`] = `
Object {
  "container": <div>
    <div
      class="sc-bdVaJa cKRAMj"
    >
      <img
        class="sc-htpNat ifWGsL"
      />
      <div
        class="sc-bwzfXH eECKLl"
      >
        <h2
          class="sc-bxivhb dBAQPL"
        />
        <p
          class="sc-ifAKCX bmQoso"
        />
      </div>
    </div>
  </div>,
}
`;
