// Jest Snapshot v1, https://goo.gl/fbAQLP

exports[`Styles::Main renders the component correctly 1`] = `
<DocumentFragment>
  <main
    class="sc-bdfBwQ iMzcDE"
    data-testid="Main"
  >
    <h1>
      Test
    </h1>
  </main>
</DocumentFragment>
`;
