// Jest Snapshot v1, https://goo.gl/fbAQLP

exports[`VideoPage renders correctly 1`] = `
.c2 {
  width: 100%;
  height: 100%;
  min-height: 380px;
}

.c0 {
  padding: 30px;
  display: -webkit-box;
  display: -webkit-flex;
  display: -ms-flexbox;
  display: flex;
  -webkit-box-pack: space-around;
  -webkit-justify-content: space-around;
  -ms-flex-pack: space-around;
  justify-content: space-around;
}

.c6 {
  padding: 15px;
  background-color: #FFFFFF;
  box-shadow: 0px 1px 10px 0px rgb(0 0 0 / 12%);
  display: -webkit-box;
  display: -webkit-flex;
  display: -ms-flexbox;
  display: flex;
  -webkit-flex-direction: column;
  -ms-flex-direction: column;
  flex-direction: column;
  width: 400px;
}

.c1 {
  width: 60%;
  background-color: #FFFFFF;
  box-shadow: 0px 1px 10px 0px rgb(0 0 0 / 12%);
  display: -webkit-box;
  display: -webkit-flex;
  display: -ms-flexbox;
  display: flex;
  -webkit-flex-direction: column;
  -ms-flex-direction: column;
  flex-direction: column;
  padding: 20px;
}

.c7 {
  margin: 10px 0 20px 5px;
  font-size: 1.4em;
  font-weight: 400;
  color: #666666;
}

.c3 {
  display: -webkit-box;
  display: -webkit-flex;
  display: -ms-flexbox;
  display: flex;
  -webkit-align-items: center;
  -webkit-box-align: center;
  -ms-flex-align: center;
  align-items: center;
  -webkit-box-pack: justify;
  -webkit-justify-content: space-between;
  -ms-flex-pack: justify;
  justify-content: space-between;
}

.c4 {
  font-size: 1.5em;
  font-weight: 400;
  color: #333333;
}

.c5 {
  font-size: 0.8em;
  color: #666666;
}

@media (max-width:900px) {
  .c6 {
    width: 350px;
  }
}

@media (max-width:700px) {
  .c6 {
    width: 300px;
  }
}

<section
  className="c0"
>
  <div
    className="c1"
  >
    <div
      className="c2"
      id="player"
    />
    <div
      className="c3"
    >
      <p
        className="c4"
      >
        
      </p>
    </div>
    <p
      className="c5"
    >
      
    </p>
  </div>
  <div
    className="c6"
  >
    <p
      className="c7"
    >
      Related Videos
    </p>
  </div>
</section>
`;
