// Jest Snapshot v1, https://goo.gl/fbAQLP

exports[`Login screen renders with default properties 1`] = `
<div
  class="sc-htpNat eiVhmM"
  data-testid="login-form"
  role="form"
>
  <div
    class="sc-bxivhb dzcmIQ"
  >
    Inicia sesión!
  </div>
  <div
    class="sc-bxivhb dzcmIQ"
  >
    <label
      for="username"
    >
      Usuario
    </label>
    <input
      class="sc-bdVaJa fkGYjX"
      data-testid="username-input"
      id="username"
      name="username"
    />
  </div>
  <div
    class="sc-bxivhb dzcmIQ"
  >
    <label
      for="password"
    >
      Contraseña
    </label>
    <input
      class="sc-bdVaJa fkGYjX"
      data-testid="password-input"
      id="password"
      name="password"
      type="password"
    />
  </div>
  <div
    class="sc-bxivhb ccxHxs"
    display="flex"
  >
    <button
      class="sc-bwzfXH mRSDS"
      data-testid="login-button"
    >
      Ingresar
    </button>
    <button
      class="sc-bwzfXH mRSDS"
      data-testid="cancel-button"
    >
      Cancelar
    </button>
  </div>
</div>
`;
